RAM Allocation [bytes]
Variable                                                                          Address   Size
------------------------------------------------------------------------------------------------
result                                                                            0x0176       2
arr                                                                               0x0178      11
delay_time                                                                        0x0183       2
test                                                                              0x0185       1
temp                                                                              0x0186       2
_base_y                                                                           0x0188       4

EEPROM Allocation [bytes]
Variable                                                                          Address   Size
------------------------------------------------------------------------------------------------

Register Allocation
Variable                                                                          Register  Size
------------------------------------------------------------------------------------------------
_lcd_x                                                                            R5           1
_lcd_y                                                                            R4           1
_lcd_maxx                                                                         R7           1

FLASH Allocation [words]
Function                                                                          Address   Size
------------------------------------------------------------------------------------------------
read_adc                                                                          0x00075     14
main                                                                              0x00083    194
_lcd_write_nibble_G100                                                            0x00145     20
_lcd_write_data                                                                   0x00159     12
lcd_gotoxy                                                                        0x00165     13
lcd_clear                                                                         0x00172     10
lcd_putchar                                                                       0x0017C     21
lcd_puts                                                                          0x00191     17
lcd_init                                                                          0x001A2     43
